<h1 id="foobar">foobar</h1>
<ul>
<li>you have to do this</li>
<li>and this</li>
</ul>
